// Jest Snapshot v1, https://goo.gl/fbAQLP

exports[`snapshot infinite depth 3x3 with 3 in a row 1`] = `19`;

exports[`snapshot infinite depth 4x4 with 3 in a row 1`] = `595`;

exports[`snapshot infinite depth 4x10 with 3 in a row 1`] = `2378`;

exports[`snapshot infinite depth 4x20 with 3 in a row 1`] = `6112`;

exports[`snapshot limited depth 4x4 with 3 in a row depth 10 1`] = `605`;

exports[`snapshot limited depth 4x4 with 4 in a row depth 10 1`] = `38853`;

exports[`snapshot limited depth 4x10 with 4 in a row depth 8 1`] = `29558`;

exports[`snapshot limited depth 5x5 with 3 in a row depth 6 1`] = `1436`;

exports[`snapshot limited depth 5x5 with 4 in a row depth 6 1`] = `28815`;

exports[`snapshot limited depth 6x6 with 3 in a row depth 6 1`] = `8118`;
