// Jest Snapshot v1, https://goo.gl/fbAQLP

exports[`snapshot infinite depth 3x3 with 3 in a row 1`] = `16`;

exports[`snapshot infinite depth 4x4 with 3 in a row 1`] = `575`;

exports[`snapshot infinite depth 4x10 with 3 in a row 1`] = `2316`;

exports[`snapshot infinite depth 4x20 with 3 in a row 1`] = `6000`;

exports[`snapshot limited depth 4x4 with 3 in a row depth 10 1`] = `587`;

exports[`snapshot limited depth 4x4 with 4 in a row depth 10 1`] = `42004`;

exports[`snapshot limited depth 4x10 with 4 in a row depth 8 1`] = `29125`;

exports[`snapshot limited depth 5x5 with 3 in a row depth 6 1`] = `1417`;

exports[`snapshot limited depth 5x5 with 4 in a row depth 6 1`] = `28729`;

exports[`snapshot limited depth 6x6 with 3 in a row depth 6 1`] = `7877`;
